// Jest Snapshot v1, https://goo.gl/fbAQLP

exports[`Pruebas en FirsApp debe hace match con el snapshot 1`] = `
<div>
  <h1
    data-testid="title"
  >
    Hola soy gey
  </h1>
  <p>
    Aqui tampocosssssssssssssss
  </p>
  <p>
    Aqui tampocosssssssssssssss
  </p>
  <p>
    Ignacio
  </p>
  <p>
    Estoy testeando y que miras ura
  </p>
</div>
`;
